Dec 05 17:54:59 n37-105-207 sshd[7708]: Disconnected from user Disconnected from 10.82.245.81 port 55043
Dec 05 17:55:14 n37-105-207 sshd[7078]: Disconnected from user root 10.82.245.81 port 54761
Dec 05 18:10:41 n37-105-207 sshd[7814]: Disconnected from user root 10.82.245.81 port 55076
Dec 12 16:13:55 n37-105-207 sshd[287360]: Disconnected from user root 10.82.247.125 port 57083
Dec 16 15:07:08 n37-105-207 sshd[454298]: Disconnected from user root 10.82.247.125 port 54956
Dec 16 15:07:36 n37-105-207 sshd[454456]: Disconnected from user root 10.82.247.125 port 54970
Dec 16 15:09:18 n37-105-207 sshd[454608]: Disconnected from user root 10.82.247.125 port 55070
Dec 16 15:09:43 n37-105-207 sshd[454692]: Disconnected from user root 10.82.247.125 port 55091
Dec 16 15:11:22 n37-105-207 sshd[454807]: Disconnected from user root 10.82.247.125 port 55208
Dec 16 15:18:00 n37-105-207 sshd[455035]: Disconnected from user root 10.82.247.125 port 55754
Dec 16 15:27:45 n37-105-207 sshd[455351]: Disconnected from user root 10.82.247.125 port 56507
Dec 16 15:29:25 n37-105-207 sshd[455467]: Disconnected from user root 10.82.247.125 port 56598
